aa
abc
abcdefg
abecasis
abmap
abslogdiff
abstol
acc
acccccaaga
acg
acgatcgataaa
acgt
acounts
activestate
adddom
addressa
addressb
admburnin
adom
advprostate
afreqs
agagaacct
agccc
aggregatefunc
agt
agvba
aii
aij
al
alen
alist
allclose
allelea
alleleb
allelecounts
allelemap
allowdups
alphamax
alphapriora
alphapriorb
alphapropsd
amap
ambhg
ancestdist
ancestpint
anticustomer
antidesign
apis
aren
arg
args
argv
armitage
arrayfile
asarray
asctime
aset
asmatrix
aspn
assayid
assaylsid
assertraisesmsg
assplosions
astype
atatgctaacg
athbc
atol
attr
attrs
autodetect
autofile
backpatching
baggerly
balleles
barcode
basename
basestring
baz
bb
bdf
bdiag
bfreqs
bijective
bim
bimfile
binarygenomatrixwriter
binarygenotriplewriter
bingroup
bininfo
binner
binnum
binop
binresult
binset
binsets
binstat
binsum
bioconductor
bioinformed
bitarray
bitpacked
bitstring
bitstrings
blb
blocksize
bmat
bool
bpg
bpm
bufsize
burnin
bw
bz
bzip
cagaaatcata
cas
ccgcgccctc
cdat
cdata
cestor
cestry
cgagt
cgt
cgttagcatat
chisq
cholesky
chr
chrend
chrmap
chrom
chrs
chrstart
chrxx
chunksize
ci
clabel
cmap
cmd
cmdprefix
cnt
cnv
cochrane
codeblock
codings
coef
colkey
colkeyfunc
colkeys
collabel
colmap
colset
compat
compformat
comphwp
compkey
complevel
complib
computeprob
conc
concordgenos
cond
conf
config
contig
coords
cov
covariate
cp
craig
createearray
createtable
crit
crout
cstrand
cstringio
csv
currval
customerstrand
cvxopt
cwd
cytoband
cytobands
cytofile
dargs
dat
dataset
datasets
datfile
dbnames
dbsnp
de
decorrelated
defaultdict
defaultfile
defaultlocusgroup
defaultsamplegroup
defmodel
defpop
del
delim
depvar
derr
derrf
descr
designdefault
designfile
designscores
dest
destdir
destructor
detailsmaxp
dev
devopts
df
dfa
dfam
dh
diag
dicts
dind
diplotype
diplotypes
dir
dirname
discordgenos
doctest
doctests
doesn
dom
domdev
doublequote
downbases
downsnps
dprime
droppedcols
droppedloc
droppedrows
droppedsam
dropwhile
dryrun
dstrand
dthreshold
dtype
duov
dup
dupcheck
dupout
dups
dupset
dupsets
echodata
edu
efather
eg
eig
eigensoft
eigensoftsmartpcawriter
eigenstrat
eigenvectors
eigh
elif
elim
emarchini
emother
emptyboth
emptycols
emptyrows
emptyset
ename
encodings
endometrial
endstates
endstuff
endswith
eppstein
eq
equi
errbyloc
errbylocf
errbylochead
errbyped
errbypedf
errbypedhead
errdetails
errorhandler
escapechar
et
eval
evec
exc
excludeloci
excludesamples
excludetag
excludetest
excludevar
extracols
extrafile
extraparam
extraparams
exts
exvar
failif
failover
fam
famfile
familes
fams
fastbinsequence
fastpath
fd
featureid
featurename
featuretype
festa
fetchall
filename
filenames
fileno
filesize
filesystem
filething
fileutils
filterfounders
filtermissing
filternonfounders
firstloc
firstr
fixedloci
flapack
fletcher
fmt
formulaparser
fpriormean
fpriorsd
freqs
freqscorr
fromfile
fromlist
fru
fs
fsa
fst
fullname
func
funcs
gagggcgcgg
gataga
gatcgt
gaussian
gc
gcattcgatcgt
gccaat
gcccatcagtc
gcdisabled
gcscores
gcstats
gcthreshold
gelss
geneid
geneids
genesum
geno
genoarray
genocounts
genodata
genodict
genofile
genoformats
genoldgroup
genolib
genomap
genomatrix
genomatrixsteam
genomatrixstream
genomebuild
genorepr
genoreprs
genos
genoset
genosets
genosize
genoslist
genostream
genostreams
genosubtransform
genotransform
genotriple
genotriplematrix
genotriples
genotriplestream
genotypearray
genotypearraydescriptor
genotypedesc
genotypelookuperror
genotypematrixstream
genotypemerger
genotyperepresentationerror
genotypestream
gensback
gentrain
getattr
getbits
getcwd
getlogin
getvalue
gff
gfile
gformat
gg
ggacccgcaa
ggc
ggtagcctga
ghi
gind
ginfo
glm
glmnet
globalcomp
globaldropped
globalempty
globals
glogit
glu
gluerror
gluindex
gmap
gmtime
golub
goto
gps
grn
groupby
groupcomp
grouplabel
groupmap
gstrand
gttaattactgaatatggaaaatgtttgataagccaaaaggaaaaaactg
gwas
gz
gzip
hagzilla
haplotype
haplotypes
hapmapld
happath
harvard
hasattr
hashable
hd
hdf
hemizygosity
hemizygote
hemizygotes
het
heterozygote
heterozygotes
hetor
hets
hettinger
hfill
hhhh
higham
histomax
hmap
hom
homor
homozygote
homs
hsa
html
http
humancnv
humanhap
humanlinkage
humanomni
hw
hwp
hyin
hyout
ibs
ibsn
idat
idats
ident
idual
idx
ie
iff
iglob
ignoreloci
ignorephenos
il
ilen
illumina
illuminaid
illuminamanifest
ilmn
ilmnid
ilmnstrand
imat
imerge
impname
importerror
includefile
includeloci
includesamples
includetest
includetyped
includeuntyped
includevar
incore
indelmap
indels
indexable
indexerror
indfile
indices
indiv
indout
inds
inferalpha
inferlambda
infile
infiles
infinium
infofile
informat
informativity
ingenorepr
init
inputgroup
interbin
intermedsave
inv
invar
io
ioerror
ioopts
ipop
isatty
isenabled
isfinite
isinstance
islice
ismodule
isnp
iso
itemgetter
iter
iterable
iterables
iteritems
iters
itertools
itervalues
iu
iupac
iupc
izip
jacobske
je
jit
jobfile
jobz
ka
kb
keyerror
kkt
kleinbaum
kullback
kv
kwargs
lalr
lapack
largs
lbd
lbdfile
lbed
lcounts
ld
lddata
ldfile
ldfilter
ldpairs
ldsubset
leibler
len
lengthmismatch
lfile
lgenos
lheader
lij
lik
linalg
linalgerror
linebuffered
lineterminator
linreg
ljj
ljk
ljust
llc
lm
lmap
lmodel
ln
lname
lnl
loc
loca
localtime
locc
loccomp
locdet
locempty
locipertag
locisample
locmap
locout
locs
locsum
locuseq
locusfile
locusgroup
locusgroups
locusinfo
locusmap
locusmerge
locusmodeldesc
locusnames
locusnum
locusorder
locusout
locusrows
locusset
locusstat
locusstats
locustats
lod
login
logit
logl
loglik
loglocipertag
lookup
lp
lparen
lps
lr
lrt
lset
lst
lstats
lstrip
lstsq
lt
luna
maf
mafs
mainfile
mainparam
mainparams
maketrans
mapdistances
mapfile
mapinfo
markername
markernames
markovphase
matlab
maxcovered
maxd
maxdist
maxgeno
maxgenos
maxincore
maxit
maxiters
maxlen
maxpops
maxqueue
maxrows
maxsnp
maxval
mbrannic
mcache
mcmc
md
mdist
mec
mendel
mergefunc
mergefunction
mergername
merlin
merlinwriter
metavar
metr
metrofreq
mgh
midblock
migrprior
mincell
mincompletion
mincompletionrate
mincount
mingenos
minmaf
minmargin
minobmaf
mirbase
missings
mkarray
mkgenos
mknumpy
mkrep
modelbuilder
modeldesc
modelmap
moe
mopts
msg
mult
multi
multinomial
multipass
multipopulation
mv
mxm
mxn
myord
namedtemporaryfile
namefile
namemap
narep
nareports
nbeads
nbin
nbits
ncbi
nci
ncomputing
ndown
ndropped
nei
netlib
newdict
nfams
nfor
nglobal
nih
nilton
nl
nlambda
nloc
nloci
nlp
nmissing
nn
noadmix
nondups
nonfounder
nonfounders
nonoverlapping
nonuniqueerror
nonuniquegenotypeerror
nospawn
notimplementederror
notseen
np
nr
nregion
nresults
nrhs
ns
nsamples
nsnpsread
nssnp
ntags
ntraceback
num
numboxes
numinds
numloci
numpy
numreps
nup
nv
nvars
nwell
nwriting
nx
nxm
nxn
obmaf
oddsr
onefst
onerowperind
online
opa
openfile
optiongroup
optionparser
optionsl
optionvalueerror
optparse
ord
orderloci
ordersamples
ors
os
oserror
otten
outdetails
outdir
outfile
outfiles
outformat
outgenorepr
outputgroup
outputloci
outputsamples
pairformat
panellsid
param
params
paren
parsetab
pathsep
pb
pbar
pca
pdf
pdir
pe
ped
peddet
pedfile
pedsum
peekfirst
pformat
pfrompopflagonly
phaseinfo
phasewriter
pheno
phenoclass
phenofile
phenome
phenos
phenotypedesc
pid
pihat
plink
plinkbedwriter
plinkpedwriter
plinktpedwriter
pmc
pmcid
pmid
pngu
polytomous
popalphas
popd
popdata
popen
popfile
popflag
popinfo
popitem
popset
popspecificlambda
pos
pragma
pre
precompute
pred
prefiltered
prepend
prettybase
prettybasewriter
printkld
printlambda
printlikes
printqhat
printqsum
probea
probeb
probeseq
probs
prog
progressbar
progressbarwidget
progressbarwidgethfill
progressrate
protlsid
ps
purcell
pv
pvalue
pvalues
py
pytables
qc
qccode
quadv
quantile
quantiles
quickstart
quotechar
ramaswamy
rangestring
rargs
rb
readlen
readstr
recodemodels
recommendedtags
redgreen
redistributions
reenable
refactor
refactored
refalleles
refformat
refgenos
refhwp
refkey
regionparser
regionparsererror
reltol
renamealleles
renameloci
renamesamples
renamings
repname
reporthitrate
repr
reprname
reprs
req
reraise
resids
rmap
rmax
rmin
rname
rollingtextgenomatrixwriter
rollingwriter
rowd
rowkey
rowkeyfunc
rowkeys
rowlabel
rowlabels
rowmap
rowsby
rowset
rparen
rpropsd
rpy
rsid
rsplit
rsquared
rstart
rstrip
rthreshold
rtype
runinfo
runtimeerror
samcomp
samcounts
samempty
sampelset
samplecount
sampleeq
samplefile
samplegroup
samplegroups
sampleid
sampleloci
samplemap
samplemerge
sampleorder
sampleout
samplerows
sampleset
samplestat
samplestats
saveldpairs
sb
sbed
schur
scipy
sd
sds
se
sectioninuseerror
sectionnotinuseerror
sectionset
sectionwriter
serr
serrf
ses
setbits
setdefault
setmap
sfloat
shtml
sid
sig
singl
sio
sitebysite
skipbinning
skipinitialspace
skippedld
skippedt
sl
slowpath
slsqp
smartpca
snp
snpalleles
snparray
snpfile
snpld
snplist
snpnum
snpout
sourceseq
sourcestrand
sourceversion
sp
spd
spoo
sps
sql
sqlite
sqp
sqrt
sqrtm
squares
src
ss
sset
stackable
standad
starmap
startatpopinfo
startswith
statfile
stddev
stde
stderr
stdin
stdout
stephenslab
stopiteration
storable
str
strandmap
strat
strftime
stringio
striples
strs
struct
structurewriter
subiter
subjectid
submitgroup
subpopulations
subprocess
subprocesses
sumfile
summaryout
superset
svd
sw
swriter
syevr
sys
ta
taa
tabletrend
tabmodule
tabularoutput
tactc
tactcggctct
tactgctctat
tactt
tag
tagcriteria
tagfile
tagselector
tagsnps
tagzillaerror
tailings
talleles
targetbins
targetloci
targetstrand
tbar
tc
tcaggctacc
tcc
tccttttaattatttttatagataattttcaactgcaaggtgatacatca
tchromosome
tcompletion
tct
tcttgggggt
tdat
telos
tempfile
termios
termmap
testexp
testfile
testpairs
textgenomatrixwriter
textgenotriplewriter
textwrap
tf
tfam
tfamfile
tfoo
tg
tgenos
tgg
tgr
tgs
th
tim
timestamp
tind
tiocgwinsz
tkvdc
tl
tloc
tloca
tlocation
tlocc
tm
tmax
tmp
tolist
topgenomicseq
topseq
tped
trackstats
trichotomous
tripledesc
triplelist
triplestream
triplestreams
trybool
tryfloat
tryint
tsample
tstats
tstrand
tsv
tt
ttacct
ttgcgggtcc
ttt
tttatcgatcgt
tty
tuples
tv
tx
txt
typeerror
ubinary
uchicago
uf
ugenos
uint
uk
ulams
un
uname
unary
unbuffered
uncentered
undesignable
unescape
unifprioralpha
uniq
uniquejoin
uniquemerger
unittest
unpackl
unpackll
unparse
unphased
unphasedmarkermodel
unphasedmarkerrepresentation
upbases
updatefreq
upsnps
usepopinfo
usf
usr
utf
utils
vals
valueerror
valuefunc
vcov
ve
vecout
verlag
volpato
votemerger
vt
wald
wangzha
wb
wigginton
wiki
wikipedia
wp
wps
writelen
writerow
writerows
ws
wtccc
wtcccwriter
www
xa
xb
xc
xde
xed
xenumerate
xff
xlrd
xls
xlsx
xlwt
xrange
xtab
xy
yacc
yn
yri
ys
za
zd
zhaoming
zlib
ValueError
OSError
StringIO
NamedTemporaryFile
tH
tlocA
tlocC
locA
locC
NotImplementedError
APIs
IOError
zA
KeyError
FormulaParser
GLUError
OptionParser
OptionGroup
nWell
nTraceback
nFor
SectionWriter
RegionParserError
failIf
assertRaisesMsg
SectionInUseError
SectionNotInUseError
tGR
IndexError
StopIteration
LengthMismatch
ProgressBar
ProgressBarWidget
ProgressBarWidgetHFill
ProgressRate
BioConductor
nSNPsRead
IlluminaID
NBeads
MidBlock
RunInfo
RedGreen
SampleID
IlmnID
IlmnStrand
AddressA
AlleleA
ProbeSeq
AddressB
AlleleB
GenomeBuild
MapInfo
SourceVersion
SourceStrand
SourceSeq
TopGenomicSeq
unpackL
unpackLL
SDs
locusNames
AdvProstate
IlluminaManifest
HumanHap
HumanLinkage
HumanOmni
HumanCNV
nsSNP
GenotypeRepresentationError
GenomatrixStream
UnphasedMarkerRepresentation
GenotripleStream
UnphasedMarkerModel
GenotypeArray
GenotypeArrayDescriptor
GenotypeLookupError
IBSn
GenotypeStream
ModelBuilder
GenotripleMatrix
tAA
tAG
tGG
tCC
tCT
tTT
GenoTransform
ImportError
tMAX
tALLELES
tCHROMOSOME
tLOCATION
tA
tX
tM
NonUniqueGenotypeError
GenotypeMerger
RuntimeError
VoteMerger
GenotypematrixStream
TypeError
NonUniqueError
UniqueMerger
tT
tC
GenoSubTransform
BinaryGenomatrixWriter
BinaryGenotripleWriter
openFile
createEArray
UInt
createTable
TripleDesc
PyTables
LocusModelDesc
ModelDesc
GenotypeDesc
PhenotypeDesc
EigensoftSmartPCAWriter
SmartPCA
cStringIO
SNPalleles
protLSID
assayLSID
panelLSID
QCcode
chrXX
MerlinWriter
PhaseWriter
PlinkPedWriter
PlinkTPedWriter
PlinkBedWriter
PrettyBase
PrettybaseWriter
StructureWriter
PopData
TextGenomatrixWriter
TextGenotripleWriter
WTCCCWriter
SciPy
LinAlgError
logL
GLogit
logLik
RollingTextGenomatrixWriter
RollingWriter
SEs
nRESULTS
EmptyCols
EmptyRows
EmptyBoth
DroppedRows
nSamples
nGLOBAL
nLoci
nDropped
nMISSING
nComputing
nWriting
CustomerStrand
snpArray
featureName
groupLabel
featureType
featureId
GeneID
chrStart
chrEnd
submitGroup
rsId
cytoBand
lnL
NumPy
SQuares
HagZilla
TagZillaError
TagSnps
RecommendedTags
nBin
BinStat
nTags
BinResult
FastBinSequence
MAFs
OptionValueError
addressA
addressB
alleleA
alleleB
geneID
